
> saas-billing-next@0.1.0 build
> next build

node.exe : 
[baseline-browser-mapping] The 
data in this module is over two 
months old.  To ensure accurate 
Baseline data, please update: `npm 
i baseline-browser-mapping@latest 
-D`
At line:1 char:1
+ & "C:\Program 
Files\nodejs/node.exe" "C:\Program 
Files\nodejs/node_mo ...
+ ~~~~~~~~~~~~~~~~~~~~~~~~~~~~~~~~~
~~~~~~~~~~~~~~~~~~~~~~~~~~~~~~~~~~~
~
    + CategoryInfo          : NotS 
   pecified: ([baseline-brows...p  
  ing@latest -D`:String) [], Rem   
 oteException
    + FullyQualifiedErrorId : Nati 
   veCommandError
 
 ΓÜá Warning: Next.js inferred 
your workspace root, but it may 
not be correct.
 We detected multiple lockfiles 
and selected the directory of 
C:\Users\User\package-lock.json as 
the root directory.
 To silence this warning, set 
`turbopack.root` in your Next.js 
config, or consider removing one 
of the lockfiles if it's not 
needed.
   See https://nextjs.org/docs/app/
api-reference/config/next-config-js
/turbopack#root-directory for more 
information.
 Detected additional lockfiles: 
   * 
C:\Users\User\Desktop\portfolio 
projects\SAAS subscription Billing 
system - Copy\frontend\saas-billing
-next\package-lock.json

   Γû▓ Next.js 16.0.1 (Turbopack)
   - Environments: .env
   - Experiments (use with caution):
     Γ£ô turbopackFileSystemCacheForDev

   Creating an optimized production build ...
[baseline-browser-mapping] The 
data in this module is over two 
months old.  To ensure accurate 
Baseline data, please update: `npm 
i baseline-browser-mapping@latest 
-D`
[baseline-browser-mapping] The 
data in this module is over two 
months old.  To ensure accurate 
Baseline data, please update: `npm 
i baseline-browser-mapping@latest 
-D`
 Γ£ô Compiled successfully in 24.5s
   Running TypeScript ...
   Collecting page data ...
[baseline-browser-mapping] The 
data in this module is over two 
months old.  To ensure accurate 
Baseline data, please update: `npm 
i baseline-browser-mapping@latest 
-D`
[baseline-browser-mapping] The 
data in this module is over two 
months old.  To ensure accurate 
Baseline data, please update: `npm 
i baseline-browser-mapping@latest 
-D`
[baseline-browser-mapping] The 
data in this module is over two 
months old.  To ensure accurate 
Baseline data, please update: `npm 
i baseline-browser-mapping@latest 
-D`
[baseline-browser-mapping] The 
data in this module is over two 
months old.  To ensure accurate 
Baseline data, please update: `npm 
i baseline-browser-mapping@latest 
-D`
[baseline-browser-mapping] The 
data in this module is over two 
months old.  To ensure accurate 
Baseline data, please update: `npm 
i baseline-browser-mapping@latest 
-D`
[baseline-browser-mapping] The 
data in this module is over two 
months old.  To ensure accurate 
Baseline data, please update: `npm 
i baseline-browser-mapping@latest 
-D`
[baseline-browser-mapping] The 
data in this module is over two 
months old.  To ensure accurate 
Baseline data, please update: `npm 
i baseline-browser-mapping@latest 
-D`
[baseline-browser-mapping] The 
data in this module is over two 
months old.  To ensure accurate 
Baseline data, please update: `npm 
i baseline-browser-mapping@latest 
-D`
[baseline-browser-mapping] The 
data in this module is over two 
months old.  To ensure accurate 
Baseline data, please update: `npm 
i baseline-browser-mapping@latest 
-D`
[baseline-browser-mapping] The 
data in this module is over two 
months old.  To ensure accurate 
Baseline data, please update: `npm 
i baseline-browser-mapping@latest 
-D`
[baseline-browser-mapping] The 
data in this module is over two 
months old.  To ensure accurate 
Baseline data, please update: `npm 
i baseline-browser-mapping@latest 
-D`
[baseline-browser-mapping] The 
data in this module is over two 
months old.  To ensure accurate 
Baseline data, please update: `npm 
i baseline-browser-mapping@latest 
-D`
[baseline-browser-mapping] The 
data in this module is over two 
months old.  To ensure accurate 
Baseline data, please update: `npm 
i baseline-browser-mapping@latest 
-D`
[baseline-browser-mapping] The 
data in this module is over two 
months old.  To ensure accurate 
Baseline data, please update: `npm 
i baseline-browser-mapping@latest 
-D`
[baseline-browser-mapping] The 
data in this module is over two 
months old.  To ensure accurate 
Baseline data, please update: `npm 
i baseline-browser-mapping@latest 
-D`
   Generating static pages (0/12) ...
[baseline-browser-mapping] The 
data in this module is over two 
months old.  To ensure accurate 
Baseline data, please update: `npm 
i baseline-browser-mapping@latest 
-D`
http://localhost:8080/contact
http://localhost:8080/destination/all
http://localhost:8080/experience/all
http://localhost:8080/user/featured-hosts
   Generating static pages (3/12) 
   Generating static pages (6/12) 
   Generating static pages (9/12) 
 Γ£ô Generating static pages (12/12) in 881.9ms
   Finalizing page optimization ...

Route (app)                      Revalidate  Expire
Γöî Γùï /
Γö£ Γùï /_not-found
Γö£ Γùï /about
Γö£ Γùï /adventures
Γö£ ╞Æ /adventures/[adventureSlug]
Γö£ ╞Æ /api/contact/all
Γö£ ╞Æ /api/gallery/[slug]
Γö£ ╞Æ /api/gallery/all
Γö£ Γùï /blogs
Γö£ ╞Æ /booking/[campId]
Γö£ ╞Æ /camp/[id]
Γö£ Γùï /contact
Γö£ Γùï /gallery                             1m      1y
Γö£ ╞Æ /gallery/[slug]
Γöö Γùï /search


Γùï  (Static)   prerendered as static content
╞Æ  (Dynamic)  server-rendered on demand

